[    0.000000] Initializing cgroup subsys cpuset
[    0.000000] Initializing cgroup subsys cpu
[    0.000000] Initializing cgroup subsys cpuacct
[    0.000000] Linux version 4.4.0-127-generic (buildd@lcy01-amd64-023) (gcc version 5.4.0 20160609 (Ubuntu 5.4.0-6ubuntu1~16.04.9) ) #153-Ubuntu SMP Sat May 19 10:58:46 UTC 2018 (Ubuntu 4.4.0-127.153-generic 4.4.128)
[    0.000000] Command line: BOOT_IMAGE=/boot/vmlinuz-4.4.0-127-generic root=LABEL=cloudimg-rootfs ro console=tty1 console=ttyS0
[    0.000000] KERNEL supported cpus:
[    0.000000]   Intel GenuineIntel
[    0.000000]   AMD AuthenticAMD
[    0.000000]   Centaur CentaurHauls
[    0.000000] x86/fpu: xstate_offset[2]:  576, xstate_sizes[2]:  256
[    0.000000] x86/fpu: Supporting XSAVE feature 0x01: 'x87 floating point registers'
[    0.000000] x86/fpu: Supporting XSAVE feature 0x02: 'SSE registers'
[    0.000000] x86/fpu: Supporting XSAVE feature 0x04: 'AVX registers'
[    0.000000] x86/fpu: Enabled xstate features 0x7, context size is 832 bytes, using 'standard' format.
[    0.000000] x86/fpu: Using 'lazy' FPU context switches.
[    0.000000] e820: BIOS-provided physical RAM map:
[    0.000000] BIOS-e820: [mem 0x0000000000000000-0x000000000009fbff] usable
[    0.000000] BIOS-e820: [mem 0x000000000009fc00-0x000000000009ffff] reserved
[    0.000000] BIOS-e820: [mem 0x00000000000f0000-0x00000000000fffff] reserved
[    0.000000] BIOS-e820: [mem 0x0000000000100000-0x000000001ffeffff] usable
[    0.000000] BIOS-e820: [mem 0x000000001fff0000-0x000000001fffffff] ACPI data
[    0.000000] BIOS-e820: [mem 0x00000000fec00000-0x00000000fec00fff] reserved
[    0.000000] BIOS-e820: [mem 0x00000000fee00000-0x00000000fee00fff] reserved
[    0.000000] BIOS-e820: [mem 0x00000000fffc0000-0x00000000ffffffff] reserved
[    0.000000] NX (Execute Disable) protection: active
[    0.000000] SMBIOS 2.5 present.
[    0.000000] Hypervisor detected: KVM
[    0.000000] Kernel/User page tables isolation: disabled
[    0.000000] e820: last_pfn = 0x1fff0 max_arch_pfn = 0x400000000
[    0.000000] MTRR: Disabled
[    0.000000] x86/PAT: MTRRs disabled, skipping PAT initialization too.
[    0.000000] CPU MTRRs all blank - virtualized system.
[    0.000000] x86/PAT: Configuration [0-7]: WB  WT  UC- UC  WB  WT  UC- UC  
[    0.000000] found SMP MP-table at [mem 0x0009fff0-0x0009ffff] mapped at [ffff88000009fff0]
[    0.000000] Scanning 1 areas for low memory corruption
[    0.000000] RAMDISK: [mem 0x1ec86000-0x1f723fff]
[    0.000000] ACPI: Early table checksum verification disabled
[    0.000000] ACPI: RSDP 0x00000000000E0000 000024 (v02 VBOX  )
[    0.000000] ACPI: XSDT 0x000000001FFF0030 00003C (v01 VBOX   VBOXXSDT 00000001 ASL  00000061)
[    0.000000] ACPI: FACP 0x000000001FFF00F0 0000F4 (v04 VBOX   VBOXFACP 00000001 ASL  00000061)
[    0.000000] ACPI: DSDT 0x000000001FFF0470 0021FF (v02 VBOX   VBOXBIOS 00000002 INTL 20160831)
[    0.000000] ACPI: FACS 0x000000001FFF0200 000040
[    0.000000] ACPI: FACS 0x000000001FFF0200 000040
[    0.000000] ACPI: APIC 0x000000001FFF0240 00005C (v02 VBOX   VBOXAPIC 00000001 ASL  00000061)
[    0.000000] ACPI: SSDT 0x000000001FFF02A0 0001CC (v01 VBOX   VBOXCPUT 00000002 INTL 20160831)
[    0.000000] No NUMA configuration found
[    0.000000] Faking a node at [mem 0x0000000000000000-0x000000001ffeffff]
[    0.000000] NODE_DATA(0) allocated [mem 0x1ffeb000-0x1ffeffff]
[    0.000000] kvm-clock: Using msrs 4b564d01 and 4b564d00
[    0.000000] kvm-clock: cpu 0, msr 0:1ffe3001, primary cpu clock
[    0.000000] kvm-clock: using sched offset of 2934917983 cycles
[    0.000000] clocksource: kvm-clock: mask: 0xffffffffffffffff max_cycles: 0x1cd42e4dffb, max_idle_ns: 881590591483 ns
[    0.000000] Zone ranges:
[    0.000000]   DMA      [mem 0x0000000000001000-0x0000000000ffffff]
[    0.000000]   DMA32    [mem 0x0000000001000000-0x000000001ffeffff]
[    0.000000]   Normal   empty
[    0.000000]   Device   empty
[    0.000000] Movable zone start for each node
[    0.000000] Early memory node ranges
[    0.000000]   node   0: [mem 0x0000000000001000-0x000000000009efff]
[    0.000000]   node   0: [mem 0x0000000000100000-0x000000001ffeffff]
[    0.000000] Initmem setup node 0 [mem 0x0000000000001000-0x000000001ffeffff]
[    0.000000] ACPI: PM-Timer IO Port: 0x4008
[    0.000000] IOAPIC[0]: apic_id 2, version 32, address 0xfec00000, GSI 0-23
[    0.000000] ACPI: INT_SRC_OVR (bus 0 bus_irq 0 global_irq 2 dfl dfl)
[    0.000000] ACPI: INT_SRC_OVR (bus 0 bus_irq 9 global_irq 9 high level)
[    0.000000] Using ACPI (MADT) for SMP configuration information
[    0.000000] smpboot: Allowing 2 CPUs, 0 hotplug CPUs
[    0.000000] PM: Registered nosave memory: [mem 0x00000000-0x00000fff]
[    0.000000] PM: Registered nosave memory: [mem 0x0009f000-0x0009ffff]
[    0.000000] PM: Registered nosave memory: [mem 0x000a0000-0x000effff]
[    0.000000] PM: Registered nosave memory: [mem 0x000f0000-0x000fffff]
[    0.000000] e820: [mem 0x20000000-0xfebfffff] available for PCI devices
[    0.000000] Booting paravirtualized kernel on KVM
[    0.000000] clocksource: refined-jiffies: mask: 0xffffffff max_cycles: 0xffffffff, max_idle_ns: 7645519600211568 ns
[    0.000000] setup_percpu: NR_CPUS:512 nr_cpumask_bits:512 nr_cpu_ids:2 nr_node_ids:1
[    0.000000] PERCPU: Embedded 34 pages/cpu @ffff88001fc00000 s99544 r8192 d31528 u1048576
[    0.000000] PV qspinlock hash table entries: 256 (order: 0, 4096 bytes)
[    0.000000] Built 1 zonelists in Node order, mobility grouping on.  Total pages: 128888
[    0.000000] Policy zone: DMA32
[    0.000000] Kernel command line: BOOT_IMAGE=/boot/vmlinuz-4.4.0-127-generic root=LABEL=cloudimg-rootfs ro console=tty1 console=ttyS0
[    0.000000] PID hash table entries: 2048 (order: 2, 16384 bytes)
[    0.000000] Memory: 485568K/523832K available (8537K kernel code, 1313K rwdata, 4000K rodata, 1512K init, 1316K bss, 38264K reserved, 0K cma-reserved)
[    0.000000] SLUB: HWalign=64, Order=0-3, MinObjects=0, CPUs=2, Nodes=1
[    0.000000] Hierarchical RCU implementation.
[    0.000000] 	Build-time adjustment of leaf fanout to 64.
[    0.000000] 	RCU restricting CPUs from NR_CPUS=512 to nr_cpu_ids=2.
[    0.000000] RCU: Adjusting geometry for rcu_fanout_leaf=64, nr_cpu_ids=2
[    0.000000] NR_IRQS:33024 nr_irqs:440 16
[    0.000000] Console: colour VGA+ 80x25
[    0.000000] console [tty1] enabled
[    0.000000] console [ttyS0] enabled
[    0.000000] tsc: Detected 3194.032 MHz processor
[    0.000000] tsc: Marking TSC unstable due to TSCs unsynchronized
[    0.008000] Calibrating delay loop (skipped) preset value.. 6388.06 BogoMIPS (lpj=12776128)
[    0.012007] pid_max: default: 32768 minimum: 301
[    0.016014] ACPI: Core revision 20150930
[    0.020986] ACPI: 2 ACPI AML tables successfully acquired and loaded
[    0.028197] Security Framework initialized
[    0.032004] Yama: becoming mindful.
[    0.033839] AppArmor: AppArmor initialized
[    0.036046] Dentry cache hash table entries: 65536 (order: 7, 524288 bytes)
[    0.038108] Inode-cache hash table entries: 32768 (order: 6, 262144 bytes)
[    0.040040] Mount-cache hash table entries: 1024 (order: 1, 8192 bytes)
[    0.044005] Mountpoint-cache hash table entries: 1024 (order: 1, 8192 bytes)
[    0.048135] Initializing cgroup subsys io
[    0.049732] Initializing cgroup subsys memory
[    0.052008] Initializing cgroup subsys devices
[    0.053926] Initializing cgroup subsys freezer
[    0.056005] Initializing cgroup subsys net_cls
[    0.058964] Initializing cgroup subsys perf_event
[    0.060004] Initializing cgroup subsys net_prio
[    0.064006] Initializing cgroup subsys hugetlb
[    0.068005] Initializing cgroup subsys pids
[    0.069640] CPU: Physical Processor ID: 0
[    0.072003] CPU: Processor Core ID: 0
[    0.079862] mce: CPU supports 0 MCE banks
[    0.080020] Last level iTLB entries: 4KB 1024, 2MB 1024, 4MB 512
[    0.084004] Last level dTLB entries: 4KB 1536, 2MB 1536, 4MB 768, 1GB 0
[    0.088004] Spectre V2 : LFENCE not serializing. Switching to generic retpoline
[    0.092003] Spectre V2 : Mitigation: Full generic retpoline
[    0.096003] Spectre V2 : Speculation control IBPB not-supported IBRS not-supported
[    0.100003] Spectre V2 : Filling RSB on context switch
[    0.102346] Speculative Store Bypass: Mitigation: Speculative Store Bypass disabled via prctl and seccomp
[    0.105613] Freeing SMP alternatives memory: 32K
[    0.115368] ftrace: allocating 32237 entries in 126 pages
[    0.140078] smpboot: APIC(0) Converting physical 0 to logical package 0
[    0.144005] smpboot: Max logical packages: 1
[    0.148218] x2apic enabled
[    0.152005] Switched APIC routing to physical x2apic.
[    0.154594] ..TIMER: vector=0x30 apic1=0 pin1=2 apic2=-1 pin2=-1
[    0.160000] smpboot: CPU0: AMD Ryzen 5 1400 Quad-Core Processor (family: 0x17, model: 0x1, stepping: 0x1)
[    0.172013] Performance Events: Broken PMU hardware detected, using software events only.
[    0.176815] Failed to access perfctr msr (MSR c0010007 is 0)
[    0.177574] KVM setup paravirtual spinlock
[    0.180953] x86: Booting SMP configuration:
[    0.184009] .... node  #0, CPUs:      #1
[    0.008000] kvm-clock: cpu 1, msr 0:1ffe3041, secondary cpu clock
[    0.008000] mce: CPU supports 0 MCE banks
[    0.212507] x86: Booted up 1 node, 2 CPUs
[    0.216004] smpboot: Total of 2 processors activated (12776.12 BogoMIPS)
[    0.220222] devtmpfs: initialized
[    0.226080] evm: security.selinux
[    0.228002] evm: security.SMACK64
[    0.229548] evm: security.SMACK64EXEC
[    0.230061] evm: security.SMACK64TRANSMUTE
[    0.230645] evm: security.SMACK64MMAP
[    0.232002] evm: security.ima
[    0.233553] evm: security.capability
[    0.234174] clocksource: jiffies: mask: 0xffffffff max_cycles: 0xffffffff, max_idle_ns: 7645041785100000 ns
[    0.236015] futex hash table entries: 512 (order: 3, 32768 bytes)
[    0.238569] pinctrl core: initialized pinctrl subsystem
[    0.240107] RTC time: 18:03:52, date: 06/16/18
[    0.244237] NET: Registered protocol family 16
[    0.260008] cpuidle: using governor ladder
[    0.276009] cpuidle: using governor menu
[    0.280023] PCCT header not found.
[    0.284207] ACPI: bus type PCI registered
[    0.285762] acpiphp: ACPI Hot Plug PCI Controller Driver version: 0.5
[    0.288073] PCI: Using configuration type 1 for base access
[    0.292002] PCI: Using configuration type 1 for extended access
[    0.308257] ACPI: Added _OSI(Module Device)
[    0.312017] ACPI: Added _OSI(Processor Device)
[    0.316004] ACPI: Added _OSI(3.0 _SCP Extensions)
[    0.320003] ACPI: Added _OSI(Processor Aggregator Device)
[    0.322254] ACPI: Executed 1 blocks of module-level executable AML code
[    0.329713] ACPI: Interpreter enabled
[    0.332010] ACPI: (supports S0 S5)
[    0.333527] ACPI: Using IOAPIC for interrupt routing
[    0.336161] PCI: Using host bridge windows from ACPI; if necessary, use "pci=nocrs" and report a bug
[    0.342603] ACPI: PCI Root Bridge [PCI0] (domain 0000 [bus 00-ff])
[    0.344006] acpi PNP0A03:00: _OSC: OS supports [ExtendedConfig ASPM ClockPM Segments MSI]
[    0.348033] acpi PNP0A03:00: _OSC: OS now controls [PCIeHotplug PME AER PCIeCapability]
[    0.352193] PCI host bridge to bus 0000:00
[    0.356009] pci_bus 0000:00: root bus resource [io  0x0000-0x0cf7 window]
[    0.360004] pci_bus 0000:00: root bus resource [io  0x0d00-0xffff window]
[    0.364004] pci_bus 0000:00: root bus resource [mem 0x000a0000-0x000bffff window]
[    0.368004] pci_bus 0000:00: root bus resource [mem 0x20000000-0xffdfffff window]
[    0.372004] pci_bus 0000:00: root bus resource [bus 00-ff]
[    0.376274] pci 0000:00:01.1: legacy IDE quirk: reg 0x10: [io  0x01f0-0x01f7]
[    0.380009] pci 0000:00:01.1: legacy IDE quirk: reg 0x14: [io  0x03f6]
[    0.384004] pci 0000:00:01.1: legacy IDE quirk: reg 0x18: [io  0x0170-0x0177]
[    0.386110] pci 0000:00:01.1: legacy IDE quirk: reg 0x1c: [io  0x0376]
[    0.397764] pci 0000:00:07.0: quirk: [io  0x4000-0x403f] claimed by PIIX4 ACPI
[    0.400014] pci 0000:00:07.0: quirk: [io  0x4100-0x410f] claimed by PIIX4 SMB
[    0.409910] ACPI: PCI Interrupt Link [LNKA] (IRQs 5 9 10 *11)
[    0.416600] ACPI: PCI Interrupt Link [LNKB] (IRQs 5 9 10 *11)
[    0.423290] ACPI: PCI Interrupt Link [LNKC] (IRQs 5 9 *10 11)
[    0.425676] ACPI: PCI Interrupt Link [LNKD] (IRQs 5 *9 10 11)
[    0.429700] ACPI: Enabled 2 GPEs in block 00 to 07
[    0.432166] vgaarb: setting as boot device: PCI:0000:00:02.0
[    0.434501] vgaarb: device added: PCI:0000:00:02.0,decodes=io+mem,owns=io+mem,locks=none
[    0.436005] vgaarb: loaded
[    0.440002] vgaarb: bridge control possible 0000:00:02.0
[    0.442001] SCSI subsystem initialized
[    0.444039] ACPI: bus type USB registered
[    0.445663] usbcore: registered new interface driver usbfs
[    0.447422] usbcore: registered new interface driver hub
[    0.448022] usbcore: registered new device driver usb
[    0.452064] PCI: Using ACPI for IRQ routing
[    0.456193] NetLabel: Initializing
[    0.460004] NetLabel:  domain hash size = 128
[    0.464002] NetLabel:  protocols = UNLABELED CIPSOv4
[    0.468023] NetLabel:  unlabeled traffic allowed by default
[    0.472056] amd_nb: Cannot enumerate AMD northbridges
[    0.480025] clocksource: Switched to clocksource kvm-clock
[    0.644385] AppArmor: AppArmor Filesystem Enabled
[    0.782882] pnp: PnP ACPI init
[    0.877951] pnp: PnP ACPI: found 3 devices
[    1.002001] clocksource: acpi_pm: mask: 0xffffff max_cycles: 0xffffff, max_idle_ns: 2085701024 ns
[    1.261475] NET: Registered protocol family 2
[    1.392337] TCP established hash table entries: 4096 (order: 3, 32768 bytes)
[    1.593355] TCP bind hash table entries: 4096 (order: 4, 65536 bytes)
[    1.785819] TCP: Hash tables configured (established 4096 bind 4096)
[    1.977675] UDP hash table entries: 256 (order: 1, 8192 bytes)
[    2.154236] UDP-Lite hash table entries: 256 (order: 1, 8192 bytes)
[    2.340696] NET: Registered protocol family 1
[    2.471204] pci 0000:00:00.0: Limiting direct PCI/PCI transfers
[    2.652102] pci 0000:00:01.0: Activating ISA DMA hang workarounds
[    2.830447] Unpacking initramfs...
[    4.643843] Freeing initrd memory: 10872K
[    4.761612] clocksource: tsc: mask: 0xffffffffffffffff max_cycles: 0x2e0a4460a31, max_idle_ns: 440795263287 ns
[    4.768111] platform rtc_cmos: registered platform RTC device (no PNP device found)
[    4.768152] Scanning for low memory corruption every 60 seconds
[    4.768470] audit: initializing netlink subsys (disabled)
[    4.768487] audit: type=2000 audit(1529172240.081:1): initialized
[    4.768801] Initialise system trusted keyring
[    4.768893] HugeTLB registered 2 MB page size, pre-allocated 0 pages
[    4.770220] zbud: loaded
[    4.770624] VFS: Disk quotas dquot_6.6.0
[    4.770656] VFS: Dquot-cache hash table entries: 512 (order 0, 4096 bytes)
[    4.770914] squashfs: version 4.0 (2009/01/31) Phillip Lougher
[    4.771132] fuse init (API version 7.23)
[    4.771251] Key type big_key registered
[    4.771271] Allocating IMA MOK and blacklist keyrings.
[    4.771562] Key type asymmetric registered
[    4.771568] Asymmetric key parser 'x509' registered
[    4.771599] Block layer SCSI generic (bsg) driver version 0.4 loaded (major 249)
[    4.771628] io scheduler noop registered
[    4.771629] io scheduler deadline registered (default)
[    4.771655] io scheduler cfq registered
[    4.771748] pci_hotplug: PCI Hot Plug PCI Core version: 0.5
[    4.771754] pciehp: PCI Express Hot Plug Controller Driver version: 0.4
[    4.771937] ACPI: AC Adapter [AC] (on-line)
[    4.772010] input: Power Button as /devices/LNXSYSTM:00/LNXPWRBN:00/input/input0
[    4.772025] ACPI: Power Button [PWRF]
[    4.772077] input: Sleep Button as /devices/LNXSYSTM:00/LNXSLPBN:00/input/input1
[    4.772079] ACPI: Sleep Button [SLPF]
[    4.772214] GHES: HEST is not enabled!
[    4.772296] Serial: 8250/16550 driver, 32 ports, IRQ sharing enabled
[    5.220907] 00:02: ttyS0 at I/O 0x3f8 (irq = 4, base_baud = 115200) is a 16550A
[    5.600927] Linux agpgart interface v0.103
[    5.849750] loop: module loaded
[    5.850211] scsi host0: ata_piix
[    5.850266] scsi host1: ata_piix
[    5.850290] ata1: PATA max UDMA/33 cmd 0x1f0 ctl 0x3f6 bmdma 0xd000 irq 14
[    5.850291] ata2: PATA max UDMA/33 cmd 0x170 ctl 0x376 bmdma 0xd008 irq 15
[    5.850356] libphy: Fixed MDIO Bus: probed
[    5.850357] tun: Universal TUN/TAP device driver, 1.6
[    5.850358] tun: (C) 1999-2004 Max Krasnyansky <maxk@qualcomm.com>
[    5.850587] PPP generic driver version 2.4.2
[    5.850637] ehci_hcd: USB 2.0 'Enhanced' Host Controller (EHCI) Driver
[    5.850640] ehci-pci: EHCI PCI platform driver
[    5.850652] ehci-platform: EHCI generic platform driver
[    5.850658] ohci_hcd: USB 1.1 'Open' Host Controller (OHCI) Driver
[    5.850660] ohci-pci: OHCI PCI platform driver
[    5.850671] ohci-platform: OHCI generic platform driver
[    5.850677] uhci_hcd: USB Universal Host Controller Interface driver
[    5.850721] i8042: PNP: PS/2 Controller [PNP0303:PS2K,PNP0f03:PS2M] at 0x60,0x64 irq 1,12
[    5.851142] serio: i8042 KBD port at 0x60,0x64 irq 1
[    5.851146] serio: i8042 AUX port at 0x60,0x64 irq 12
[    5.851238] mousedev: PS/2 mouse device common for all mice
[    5.851469] input: AT Translated Set 2 keyboard as /devices/platform/i8042/serio0/input/input2
[    5.851730] rtc_cmos rtc_cmos: rtc core: registered rtc_cmos as rtc0
[    5.851778] rtc_cmos rtc_cmos: alarms up to one day, 114 bytes nvram
[    5.851783] i2c /dev entries driver
[    5.851824] device-mapper: uevent: version 1.0.3
[    5.851871] device-mapper: ioctl: 4.34.0-ioctl (2015-10-28) initialised: dm-devel@redhat.com
[    5.851891] ledtrig-cpu: registered to indicate activity on CPUs
[    5.852168] NET: Registered protocol family 10
[    5.852324] NET: Registered protocol family 17
[    5.852344] Key type dns_resolver registered
[    5.852553] registered taskstats version 1
[    5.852575] Loading compiled-in X.509 certificates
[    5.853127] Loaded X.509 cert 'Build time autogenerated kernel key: 9f6f572a3ee0cb468eb8db4aa61815bc74ef6adb'
[    5.853143] zswap: loaded using pool lzo/zbud
[    5.854741] Key type trusted registered
[    5.857095] Key type encrypted registered
[    5.857103] AppArmor: AppArmor sha1 policy hashing enabled
[    5.857107] ima: No TPM chip found, activating TPM-bypass!
[    5.857130] evm: HMAC attrs: 0x1
[    5.857346]   Magic number: 6:624:89
[    6.029207] rtc_cmos rtc_cmos: setting system clock to 2018-06-16 18:04:00 UTC (1529172240)
[    6.029335] BIOS EDD facility v0.16 2004-Jun-25, 0 devices found
[    6.029336] EDD information not available.
[    8.041062] Freeing unused kernel memory: 1512K
[    8.081998] Write protecting the kernel read-only data: 14336k
[    8.089042] Freeing unused kernel memory: 1692K
[    8.101390] Freeing unused kernel memory: 96K
Loading, please [    8.117814] random: systemd-udevd: uninitialized urandom read (16 bytes read, 7 bits of entropy available)
wait...
startin[    8.118447] random: udevadm: uninitialized urandom read (16 bytes read, 7 bits of entropy available)
g version 229
[    8.118469] random: udevadm: uninitialized urandom read (16 bytes read, 7 bits of entropy available)
[    8.127773] random: udevadm: uninitialized urandom read (16 bytes read, 7 bits of entropy available)
[    8.127843] random: udevadm: uninitialized urandom read (16 bytes read, 7 bits of entropy available)
[    8.128010] random: udevadm: uninitialized urandom read (16 bytes read, 7 bits of entropy available)
[    8.128092] random: udevadm: uninitialized urandom read (16 bytes read, 7 bits of entropy available)
[    8.128158] random: udevadm: uninitialized urandom read (16 bytes read, 7 bits of entropy available)
[    8.128212] random: udevadm: uninitialized urandom read (16 bytes read, 7 bits of entropy available)
[    8.128260] random: udevadm: uninitialized urandom read (16 bytes read, 7 bits of entropy available)
[    8.810190] e1000: Intel(R) PRO/1000 Network Driver - version 7.3.21-k8-NAPI
[    8.839606] e1000: Copyright (c) 1999-2006 Intel Corporation.
[    8.845176] Fusion MPT base driver 3.04.20
[    8.857440] Copyright (c) 1999-2008 LSI Corporation
[    8.896166] Fusion MPT SPI Host driver 3.04.20
[    8.901013] AVX version of gcm_enc/dec engaged.
[    8.909123] AES CTR mode by8 optimization enabled
[    9.090215] input: ImExPS/2 Generic Explorer Mouse as /devices/platform/i8042/serio1/input/input4
[    9.179063] e1000 0000:00:03.0 eth0: (PCI:33MHz:32-bit) 02:ff:33:8f:0e:5d
[    9.226519] e1000 0000:00:03.0 eth0: Intel(R) PRO/1000 Network Connection
[    9.556950] e1000 0000:00:08.0 eth1: (PCI:33MHz:32-bit) 08:00:27:35:11:e3
[    9.775217] e1000 0000:00:08.0 eth1: Intel(R) PRO/1000 Network Connection
[    9.994161] e1000 0000:00:08.0 enp0s8: renamed from eth1
[   10.004125] mptbase: ioc0: Initiating bringup
[   10.068193] ioc0: LSI53C1030 A0: Capabilities={Initiator}
[   10.323561] scsi host2: ioc0: LSI53C1030 A0, FwRev=00000000h, Ports=1, MaxQ=256, IRQ=20
[   10.412209] e1000 0000:00:03.0 enp0s3: renamed from eth0
[   10.520656] scsi 2:0:0:0: Direct-Access     VBOX     HARDDISK         1.0  PQ: 0 ANSI: 5
[   10.528396] scsi target2:0:0: Beginning Domain Validation
[   10.532277] scsi target2:0:0: Domain Validation skipping write tests
[   10.542034] scsi target2:0:0: Ending Domain Validation
[   10.545616] scsi target2:0:0: asynchronous
[   10.547733] scsi 2:0:1:0: Direct-Access     VBOX     HARDDISK         1.0  PQ: 0 ANSI: 5
[   10.551146] scsi target2:0:1: Beginning Domain Validation
[   10.556138] scsi target2:0:1: Domain Validation skipping write tests
[   10.557978] scsi target2:0:1: Ending Domain Validation
[   10.558804] scsi target2:0:1: asynchronous
[   10.567168] sd 2:0:0:0: Attached scsi generic sg0 type 0
[   10.574697] sd 2:0:0:0: [sda] 20971520 512-byte logical blocks: (10.7 GB/10.0 GiB)
[   10.577869] sd 2:0:0:0: [sda] Write Protect is off
[   10.578988] sd 2:0:1:0: Attached scsi generic sg1 type 0
[   10.579360] sd 2:0:1:0: [sdb] 20480 512-byte logical blocks: (10.5 MB/10.0 MiB)
[   10.579534] sd 2:0:1:0: [sdb] Write Protect is off
[   10.579644] sd 2:0:1:0: [sdb] Incomplete mode parameter data
[   10.579647] sd 2:0:1:0: [sdb] Assuming drive cache: write through
[   10.582053] sd 2:0:1:0: [sdb] Attached SCSI disk
[   10.597241] sd 2:0:0:0: [sda] Incomplete mode parameter data
[   10.599093] sd 2:0:0:0: [sda] Assuming drive cache: write through
[   10.602351]  sda: sda1
[   10.610972] sd 2:0:0:0: [sda] Attached SCSI disk
Begin: Loading essential drivers ... [   12.012593] md: linear personality registered for level -1
[   12.018207] md: multipath personality registered for level -4
[   12.028831] md: raid0 personality registered for level 0
[   12.049688] md: raid1 personality registered for level 1
[   12.132035] raid6: sse2x1   gen()  6260 MB/s
[   12.248028] raid6: sse2x1   xor()  6559 MB/s
[   12.376045] raid6: sse2x2   gen() 13300 MB/s
[   12.460049] raid6: sse2x2   xor()  8708 MB/s
[   12.532042] raid6: sse2x4   gen() 14034 MB/s
[   12.604031] raid6: sse2x4   xor()  7946 MB/s
[   12.605645] raid6: using algorithm sse2x4 gen() 14034 MB/s
[   12.613655] raid6: .... xor() 7946 MB/s, rmw enabled
[   12.616492] raid6: using ssse3x2 recovery algorithm
[   12.620809] xor: automatically using best checksumming function:
[   12.660053]    avx       : 10585.000 MB/sec
[   12.668227] async_tx: api initialized (async)
[   12.678517] md: raid6 personality registered for level 6
[   12.686552] md: raid5 personality registered for level 5
[   12.702276] md: raid4 personality registered for level 4
[   12.719716] md: raid10 personality registered for level 10
done.
Begin: Running /scripts/init-premount ... done.
Begin: Mounting root file system ... Begin: Running /scripts/local-top ... done.
Begin: Running /scripts/local-premount ... [   12.763619] Btrfs loaded
Scanning for Btrfs filesystems
done.
Warning: fsck not present, so sk[   12.801490] EXT4-fs (sda1): mounted filesystem with ordered data mode. Opts: (null)
ipping root file system
done.
Begin: Running /scripts/local-bottom ... done.
Begin: Running /scripts/init-bottom ... done.
[   13.041824] systemd[1]: systemd 229 running in system mode. (+PAM +AUDIT +SELINUX +IMA +APPARMOR +SMACK +SYSVINIT +UTMP +LIBCRYPTSETUP +GCRYPT +GNUTLS +ACL +XZ -LZ4 +SECCOMP +BLKID +ELFUTILS +KMOD -IDN)
[   13.050830] systemd[1]: Detected virtualization oracle.
[   13.052750] systemd[1]: Detected architecture x86-64.

Welcome to [1mUbuntu 16.04.4 LTS[0m!

[   13.060469] systemd[1]: Set hostname to <ubuntu>.
[   13.063390] systemd[1]: Initializing machine ID from random generator.
[   13.065060] systemd[1]: Installed transient /etc/machine-id file.
[   13.193031] systemd[1]: Reached target Swap.
[[0;32m  OK  [0m] Reached target Swap.
[   13.332290] systemd[1]: Reached target User and Group Name Lookups.
[[0;32m  OK  [0m] Reached target User and Group Name Lookups.
[   13.356164] systemd[1]: Listening on udev Kernel Socket.
[[0;32m  OK  [0m] Listening on udev Kernel Socket.
[   13.443670] systemd[1]: Listening on Syslog Socket.
[[0;32m  OK  [0m] Listening on Syslog Socket.
[   13.580423] systemd[1]: Listening on LVM2 poll daemon socket.
[[0;32m  OK  [0m] Listening on LVM2 poll daemon socket.
[   13.626708] systemd[1]: Listening on /dev/initctl Compatibility Named Pipe.
[[0;32m  OK  [0m] Listening on /dev/initctl Compatibility Named Pipe.
[   13.835958] systemd[1]: Reached target System Time Synchronized.
[[0;32m  OK  [0m] Reached target System Time Synchronized.
[   13.839053] systemd[1]: Started Forward Password Requests to Wall Directory Watch.
[[0;32m  OK  [0m] Started Forward Password Requests to Wall Directory Watch.
[   13.846316] systemd[1]: Listening on Journal Audit Socket.
[[0;32m  OK  [0m] Listening on Journal Audit Socket.
[   13.849042] systemd[1]: Created slice User and Session Slice.
[[0;32m  OK  [0m] Created slice User and Session Slice.
[   13.860159] systemd[1]: Listening on LVM2 metadata daemon socket.
[[0;32m  OK  [0m] Listening on LVM2 metadata daemon socket.
[   13.872289] systemd[1]: Started Trigger resolvconf update for networkd DNS.
[[0;32m  OK  [0m] Started Trigger resolvconf update for networkd DNS.
[   13.875672] systemd[1]: Set up automount Arbitrary Executable File Formats File System Automount Point.
[[0;32m  OK  [0m] Set up automount Arbitrary Executab...ats File System Automount Point.
[   13.880113] systemd[1]: Listening on udev Control Socket.
[[0;32m  OK  [0m] Listening on udev Control Socket.
[   13.882966] systemd[1]: Listening on Journal Socket.
[[0;32m  OK  [0m] Listening on Journal Socket.
[   13.885687] systemd[1]: Listening on Journal Socket (/dev/log).
[[0;32m  OK  [0m] Listening on Journal Socket (/dev/log).
[   13.911216] systemd[1]: Created slice System Slice.
[[0;32m  OK  [0m] Created slice System Slice.
[   13.940177] systemd[1]: Mounting Debug File System...
         Mounting Debug File System...
[   13.961769] systemd[1]: Starting Load Kernel Modules...
         [   14.057387] Loading iSCSI transport class v2.0-870.
Starting Load Kernel Modules...
[   14.072534] systemd[1]: Starting Journal Service...
[   14.073882] random: nonblocking pool is initialized
         Starting Journal Service...
[   14.078894] systemd[1]: Mounting POSIX Message Queue File System...
         [   14.134508] iscsi: registered transport (tcp)
Mounting POSIX Message Queue Fil[   14.320829] iscsi: registered transport (iser)
e System...
[   14.500356] systemd[1]: Starting Remount Root and Kernel File Systems...
         Starting Remount Root and Kernel File Systems...
[   14.544743] systemd[1]: Reached target Slices.
[   14.711557] EXT4-fs (sda1): re-mounted. Opts: (null)
[[0;32m  OK  [0m] Reached target Slices.
[   14.909715] systemd[1]: Created slice system-serial\x2dgetty.slice.
[[0;32m  OK  [0m] Created slice system-serial\x2dgetty.slice.
[   15.160224] systemd[1]: Mounting Huge Pages File System...
         Mounting Huge Pages File System...
[   15.222302] systemd[1]: Starting Nameserver information manager...
         Starting Nameserver information manager...
[   15.260265] systemd[1]: Starting Uncomplicated firewall...
         Starting Uncomplicated firewall...
[   15.380242] systemd[1]: Starting Set console keymap...
         Starting Set console keymap...
[   15.436350] systemd[1]: Listening on Device-mapper event daemon FIFOs.
[[0;32m  OK  [0m] Listening on Device-mapper event daemon FIFOs.
[   15.596392] systemd[1]: Starting Monitoring of LVM2 mirrors, snapshots etc. using dmeventd or progress polling...
         Starting Monitoring of LVM2 mirrors... dmeventd or progress polling...
[   15.795828] systemd[1]: Reached target Encrypted Volumes.
[[0;32m  OK  [0m] Reached target Encrypted Volumes.
[   15.864310] systemd[1]: Starting Create list of required static device nodes for the current kernel...
         Starting Create list of required st... nodes for the current kernel...
[   16.173704] systemd[1]: Mounted POSIX Message Queue File System.
[[0;32m  OK  [0m] Mounted POSIX Message Queue File System.
[   16.456164] systemd[1]: Mounted Debug File System.
[[0;32m  OK  [0m] Mounted Debug File System.
[   16.475497] systemd[1]: Mounted Huge Pages File System.
[[0;32m  OK  [0m] Mounted Huge Pages File System.
[   16.504444] systemd[1]: Started Journal Service.
[[0;32m  OK  [0m] Started Journal Service.
[[0;32m  OK  [0m] Started Load Kernel Modules.
[[0;32m  OK  [0m] Started Remount Root and Kernel File Systems.
[[0;32m  OK  [0m] Started Uncomplicated firewall.
[[0;32m  OK  [0m] Started Set console keymap.
[[0;32m  OK  [0m] Started Create list of required sta...ce nodes for the current kernel.
[[0;32m  OK  [0m] Started Nameserver information manager.
[[0;32m  OK  [0m] Started LVM2 metadata daemon.
         Starting Create Static Device Nodes in /dev...
         Starting Load/Save Random Seed...
         Starting udev Coldplug all Devices...
         Mounting FUSE Control File System...
         Starting Apply Kernel Variables...
         Starting Flush Journal to Persistent Storage...
[[0;32m  OK  [0m] Mounted FUSE Control File System.
[[0;32m  OK  [0m] Started Create Static Device Nodes in /dev.
[[0;32m  OK  [0m] Started Load/Save Random Seed.
[[0;32m  OK  [0m] Started Apply Kernel Variables.
[[0;32m  OK  [0m] Started Monitoring of LVM2 mirrors,...ng dmeventd or progress polling.
[[0;32m  OK  [0m] Started udev Coldplug all Devices.
[[0;32m  OK  [0m] Started Flush Journal to Persistent Storage.
         Starting udev Kernel Device Manager...
[[0;32m  OK  [0m] Started udev Kernel Device Manager.
[[0;32m  OK  [0m] Found device /dev/ttyS0.
[[0;32m  OK  [0m] Reached target Local File Systems (Pre).
[[0;32m  OK  [0m] Reached target Local File Systems.
         Starting LSB: AppArmor initialization...
         Starting Tell Plymouth To Write Out Runtime Data...
         Starting Set console font and keymap...
         Starting Create Volatile Files and Directories...
         Starting Initial cloud-init job (pre-networking)...
         Starting Commit a transient machine-id on disk...
[[0;32m  OK  [0m] Started Dispatch Password Requests to Console Directory Watch.
[[0;32m  OK  [0m] Started Tell Plymouth To Write Out Runtime Data.
[[0;32m  OK  [0m] Started Set console font and keymap.
[[0;32m  OK  [0m] Started Create Volatile Files and Directories.
[[0;32m  OK  [0m] Started Commit a transient machine-id on disk.
[[0;32m  OK  [0m] Listening on Load/Save RF Kill Switch Status /dev/rfkill Watch.
         Starting Update UTMP about System Boot/Shutdown...
[[0;32m  OK  [0m] Created slice system-getty.slice.
[[0;32m  OK  [0m] Started Update UTMP about System Boot/Shutdown.
[   19.261047] cloud-init[682]: Cloud-init v. 18.2 running 'init-local' at Sat, 16 Jun 2018 18:04:13 +0000. Up 18.92 seconds.
[[0;32m  OK  [0m] Started Initial cloud-init job (pre-networking).
[[0;32m  OK  [0m] Reached target Network (Pre).
[[0;32m  OK  [0m] Started LSB: AppArmor initialization.
         Starting Raise network interfaces...
[[0;32m  OK  [0m] Started Raise network interfaces.
         Starting Initial cloud-init job (metadata service crawler)...
[[0;32m  OK  [0m] Reached target Network.
[   20.695296] cloud-init[970]: Cloud-init v. 18.2 running 'init' at Sat, 16 Jun 2018 18:04:14 +0000. Up 20.14 seconds.
[   20.800635] cloud-init[970]: ci-info: +++++++++++++++++++++++++++++++++++++Net device info++++++++++++++++++++++++++++++++++++++
[[0;32m  OK  [0m] Started Initial cloud-init job (metadata service crawler).
[   20.800947] cloud-init[970]: ci-info: +--------+-------+---------------------------+---------------+-------+-------------------+
[   21.056358] [cloud-init[0;32m  OK  [0m[970]: ] ci-info: | Device |   Up  |          Address          |      Mask     | Scope |     Hw-Address    |Reached target System Initialization.

[   21.056860] cloud-init[970]: ci-info: +--------+-------+---------------------------+---------------+-------+-------------------+
[   21.156340] cloud-init[970]: ci-info: | enp0s3 |  True |         10.0.2.15         | 255.255.255.0 |   .   | 02:ff:33:8f:0e:5d |
[   21.156593] cloud-init[970]: ci-info: | enp0s3 |  True | fe80::ff:33ff:fe8f:e5d/64 |       .       |  link | 02:ff:33:8f:0e:5d |
         Starting LXD - unix socket.
[   21.156708] cloud-init[970]: ci-info: | enp0s8 | False |             .             |       .       |   .   | 08:00:27:35:11:e3 |
[   21.488431] cloud-init[970]: ci-info: |   lo   |  True |         127.0.0.1         |   255.0.0.0   |   .   |         .         |
[   21.488801] cloud-init[970]: ci-info: |   lo   |  True |          ::1/128          |       .       |  host |         .         |
[[0;32m  OK  [0m] Started ACPI Events Check.
[[   21.488991] cloud-init[970]: ci-info: +--------+-------+---------------------------+---------------+-------+-------------------+
[   21.592827] cloud-init[970]: ci-info: +++++++++++++++++++++++++++Route IPv4 info++++++++++++++++++++++++++++
[0;32m  OK  [0m] Reached target Paths.
[[   21.592912] cloud-init[970]: ci-info: +-------+-------------+----------+---------------+-----------+-------+
[   21.640804] cloud-init[970]: ci-info: | Route | Destination | Gateway  |    Genmask    | Interface | Flags |
[0;32m  OK  [0m] Listening on UUID daemon activation socket.
[[   21.640959] cloud-init[970]: ci-info: +-------+-------------+----------+---------------+-----------+-------+
[   21.780927] cloud-init[970]: ci-info: |   0   |   0.0.0.0   | 10.0.2.2 |    0.0.0.0    |   enp0s3  |   UG  |
[0;32m  OK  [0m] Listening on ACPID Listen Socket.
[[   21.781072] cloud-init[970]: ci-info: |   1   |   10.0.2.0  | 0.0.0.0  | 255.255.255.0 |   enp0s3  |   U   |
[0;32m  OK  [0m] Started Daily Cleanup of Temporary Directories.
         Starting Socket activation for snappy daemon.
[   21.900911] cloud-init[970]: ci-info: +-------+-------------+----------+---------------+-----------+-------+
[   22.004361] cloud-init[970]: Generating public/private rsa key pair.
[   22.004649] cloud-init[970]: Your identification has been saved in /etc/ssh/ssh_host_rsa_key.
[[0;32m  OK  [0m] Started Daily apt download activities.
[[   22.004748] cloud-init[970]: Your public key has been saved in /etc/ssh/ssh_host_rsa_key.pub.
[0;32m  OK  [0m] Started Daily apt upgrade and clean activities.
[[   22.055805] cloud-init[970]: The key fingerprint is:
[   22.127775] cloud-init[970]: SHA256:XpXZaE9vOMnVaJc5Yn5ekuOdgUuXSAoKoX1hpEzCL1Q root@ubuntu-xenial
[0;32m  OK  [0m] Reached target Timers.
[[   22.127893] cloud-init[970]: The key's randomart image is:
[0;32m  OK  [0m] Listening on D-Bus System Message Bus Socket.
[   22.180648] cloud-init[970]: +---[RSA 2048]----+
[[0;32m  OK  [0m] Reached target Cloud-config availability.
[[   22.194800] cloud-init[970]: |  ...E.+         |
[   22.206102] cloud-init[970]: |   o* + .    = .+|
[0;32m  OK  [0m] Reached target Network is Online.
[   22.206365] cloud-init[970]: |  ...= . .  *+=++|
[   22.225524] cloud-init[970]: |   . .o . .o==+Bo|
         Starting iSCSI initiator daemon (iscsid)...
[   22.232959] cloud-init[970]: |    .  .S .. =X=+|
[[0;32m  OK  [0m] Listening on LXD - unix socket.
[   22.246841] [cloud-init[0;32m  OK  [0m[970]: ] |       . .  ..=*+|Listening on Socket activation for snappy daemon.

[   22.260263] cloud-init[970]: |        .    ..o.|
[   22.260373] cloud-init[970]: |                 |
[[0;32m  OK  [0m] Started iSCSI initiator daemon (iscsid).
[   22.260465] cloud-init[970]: |                 |
[   22.271643] cloud-init[970]: +----[SHA256]-----+
[   22.273046] cloud-init[970]: Generating public/private dsa key pair.
[   22.276232] cloud-init[970]: Your identification has been saved in /etc/ssh/ssh_host_dsa_key.
[   22.284512]          cloud-initStarting Login to default iSCSI targets...[970]: 
Your public key has been saved in /etc/ssh/ssh_host_dsa_key.pub.
[   22.287688] [cloud-init[0;32m  OK  [0m[970]: ] The key fingerprint is:Reached target Sockets.

[[   22.288021] cloud-init[970]: SHA256:NoswyXasDBioxKspGHcaXgV7uP9mxl0lUimVJZ4RFiU root@ubuntu-xenial
[0;32m  OK  [0m] Reached target Basic System.
[   22.297492] cloud-init[970]: The key's randomart image is:
[   22.312311] cloud-init[970]: +---[DSA 1024]----+
[   22.340248] cloud-init[970]: |    .      .EBo  |
[   22.340380] cloud-init[970]: |o    +    .o+=   |
         Starting Apply the settings specified in cloud-config...
[   22.340455] cloud-init[970]: |oo  o o    oo    |
[[0;32m  OK  [0m] Started ACPI event daemon.
[   22.530685] cloud-init[970]: |oo.. *    . . .  |
[   22.630428] [cloud-init[0;32m  OK  [0m[970]: ] |+.+ X o S  . o   |Started Regular background program processing daemon.

[   22.630852] cloud-init[970]: |o= O * o o  .    |
[   22.667295] cloud-init[970]: |= o o o... .     |
[   22.669580] cloud-init[970]: |.      .= .      |
[   22.680329] cloud-init[970]: |       +.        |
[   22.712230] cloud-init[970]: +----[SHA256]-----+
[   22.712585] cloud-init[970]: Generating public/private ecdsa key pair.
[   22.712803] cloud-init[970]: Your identification has been saved in /etc/ssh/ssh_host_ecdsa_key.
         Starting Snappy daemon...
[   22.712851] cloud-init[970]: Your public key has been saved in /etc/ssh/ssh_host_ecdsa_key.pub.
[[   22.736231] cloud-init[970]: The key fingerprint is:
[   22.736359] cloud-init[970]: SHA256:SO6ILRmGuQBTOMLx/zHzH6yKWgl9K7JwvqvFfPrORW4 root@ubuntu-xenial
[0;32m  OK  [0m] Started FUSE filesystem for LXC.
[   22.736456] cloud-init[970]: The key's randomart image is:
[   22.752826] cloud-init[970]: +---[ECDSA 256]---+
[   22.753009] cloud-init[970]: |.oo              |
         Starting Virtualbox guest utils...
[   22.753103] cloud-init[970]: |+o.              |
         Starting /etc/rc.local Compatibility...
[   22.775905] cloud-init[970]: |+. .  .          |
         [   22.813037] Starting Accounts Service...cloud-init
[970]: |.+  oo .         |
[   22.839810] cloud-init[970]: |+ o. oo*S        |
         [   22.839948] Starting Pollinate to seed the pseudo random number generator...cloud-init
[970]: |.oo=.o* * .      |
[[   22.840105] cloud-init[970]: |..+*o=.E . o     |
[0;32m  OK  [0m] Started Unattended Upgrades Shutdown.
[   22.847268] cloud-init[970]: |  =.B =   o .    |
[   22.865225] cloud-init[970]: | ..B*= ... .     |
[   22.868000] cloud-init[970]: +----[SHA256]-----+
[   22.874819] cloud-init[970]: Generating public/private ed25519 key pair.
         [   22.874955] Starting System Logging Service...cloud-init
[970]: Your identification has been saved in /etc/ssh/ssh_host_ed25519_key.
[[0;32m  OK  [0m] Started Deferred execution scheduler.
[   22.899652] cloud-init[970]: Your public key has been saved in /etc/ssh/ssh_host_ed25519_key.pub.
         Starting Login Service...
[[0;32m  OK  [0m] Started D-Bus System Message Bus.
[   22.917510] cloud-init[970]: The key fingerprint is:
         Starting LSB: MD monitoring daemon...
         Starting LSB: Record successful boot for GRUB...
[   22.975283] cloud-init[970]: SHA256:ZfmIQ/kyUDjlqIzhTdpy/jGlUFnR0Q1iizDkN/t+URE root@ubuntu-xenial
         Starting LXD - container startup/shutdown...
[[0;32m  OK  [0m] Started Snappy daemon.
[[0;32m  OK  [0m] Started System Logging Service.
[[0;32m  OK  [0m] Started /etc/rc.local Compatibility.
[   23.042108] cloud-init[970]: The key's randomart image is:
[[0;32m  OK  [0m] Started LXD - container startup/shutdown.
[   23.150835] cloud-init[970]: +--[ED25519 256]--+
[   23.176936] cloud-init[970]: |     .+o=o+o.oE. |
[   23.180800] cloud-init[970]: |     .oO +.+. o  |
[   23.188380] cloud-init[970]: |  . . *.B =    . |
[   23.200238] cloud-init[970]: | . O o + B o  .  |
[   23.220227] cloud-init[970]: |  = B   S o ..   |
[[0;32m  OK  [0m[   23.248451] cloud-init[970]: |   + . o =  .    |
[   23.248534] cloud-init[970]: |    . +   .  .   |
[   23.248596] cloud-init[970]: |     . o .  .    |
[   23.248652] cloud-init[970]: |      .   ..     |
[   23.248713] cloud-init[970]: +----[SHA256]-----+
[   23.250713] cloud-init[1073]: Generating locales (this might take a while)...
] Started Login to default iSCSI targets.
[[0;32m  OK  [0m] Started Virtualbox guest utils.
[[0;32m  OK  [0m] Started LSB: MD monitoring daemon.
[[0;32m  OK  [0m] Started LSB: Record successful boot for GRUB.
[[0;32m  OK  [0m] Started Login Service.
[   23.438815] cloud-init[1073]:   en_US.UTF-8... done
         Starting Authenticate and Authorize Users to Run Privileged Tasks...
[[0;32m  OK  [0m] Reached target Remote File Systems (Pre).
[[0;32m  OK  [0m] Reached target Remote File Systems.
[   23.492746] cloud-init[1073]: Generation complete.
         Starting LSB: Set the CPU Frequency Scaling governor to "ondemand"...
         Starting LSB: daemon to balance interrupts for SMP systems...
[   23.774809] cloud-init[1073]: Cloud-init v. 18.2 running 'modules:config' at Sat, 16 Jun 2018 18:04:17 +0000. Up 22.56 seconds.
         Starting LSB: automatic crash report generation...
         Starting Permit User Sessions...
         Starting Wait until snapd is fully seeded...
[[0;32m  OK  [0m] Started Apply the settings specified in cloud-config.
[[0;32m  OK  [0m] Started Pollinate to seed the pseudo random number generator.
[[0;32m  OK  [0m] Started Permit User Sessions.
[[0;32m  OK  [0m] Started Authenticate and Authorize Users to Run Privileged Tasks.
[[0;32m  OK  [0m] Started Accounts Service.
[[0;32m  OK  [0m] Started LSB: Set the CPU Frequency Scaling governor to "ondemand".
[[0;32m  OK  [0m] Started LSB: daemon to balance interrupts for SMP systems.
[[0;32m  OK  [0m] Started LSB: automatic crash report generation.
         Starting Hold until boot process finishes up...
         Starting Terminate Plymouth Boot Screen...
         Starting OpenBSD Secure Shell server...
[[0;32m  OK  [0m] Started OpenBSD Secure Shell server.
[[0;32m  OK  [0m] Started Hold until boot process finishes up.
[[0;32m  OK  [0m] Started Terminate Plymouth Boot Screen.
[[0;32m  OK  [0m] Started Getty on tty1.
[[0;32m  OK  [0m] Started Serial Getty on ttyS0.
[[0;32m  OK  [0m] Reached target Login Prompts.
         Starting Set console scheme...
[[0;32m  OK  [0m] Started Set console scheme.
[[0;32m  OK  [0m] Created slice User Slice of vagrant.
[[0;32m  OK  [0m] Started Session 1 of user vagrant.
         Starting User Manager for UID 1000...
[[0;32m  OK  [0m] Started User Manager for UID 1000.
[[0;32m  OK  [0m] Started Wait until snapd is fully seeded.
[[0;32m  OK  [0m] Reached target Multi-User System.
[[0;32m  OK  [0m] Reached target Graphical Interface.
         Starting Update UTMP about System Runlevel Changes...
         Starting Execute cloud user/final scripts...
[[0;32m  OK  [0m] Started Update UTMP about System Runlevel Changes.
ci-info: no authorized ssh keys fingerprints found for user ubuntu.
<14>Jun 16 18:04:22 ec2: 
<14>Jun 16 18:04:22 ec2: #############################################################
<14>Jun 16 18:04:22 ec2: -----BEGIN SSH HOST KEY FINGERPRINTS-----
<14>Jun 16 18:04:22 ec2: 1024 SHA256:NoswyXasDBioxKspGHcaXgV7uP9mxl0lUimVJZ4RFiU root@ubuntu-xenial (DSA)
<14>Jun 16 18:04:22 ec2: 256 SHA256:SO6ILRmGuQBTOMLx/zHzH6yKWgl9K7JwvqvFfPrORW4 root@ubuntu-xenial (ECDSA)
<14>Jun 16 18:04:22 ec2: 256 SHA256:ZfmIQ/kyUDjlqIzhTdpy/jGlUFnR0Q1iizDkN/t+URE root@ubuntu-xenial (ED25519)
<14>Jun 16 18:04:22 ec2: 2048 SHA256:XpXZaE9vOMnVaJc5Yn5ekuOdgUuXSAoKoX1hpEzCL1Q root@ubuntu-xenial (RSA)
<14>Jun 16 18:04:22 ec2: -----END SSH HOST KEY FINGERPRINTS-----
<14>Jun 16 18:04:22 ec2: #############################################################
-----BEGIN SSH HOST KEY KEYS-----
ecdsa-sha2-nistp256 AAAAE2VjZHNhLXNoYTItbmlzdHAyNTYAAAAIbmlzdHAyNTYAAABBBP6HOlpVwcbaOIDQIGNsplkTsDmyGLcU11YWDtCG353JkbFTTxYumkjqAsHzjW/QoV8en8PzoExvT6uYGBKjqV8= root@ubuntu-xenial
ssh-ed25519 AAAAC3NzaC1lZDI1NTE5AAAAIJtHBHw0iIXgmHc/mpbYsxgMoDxUUNf/arv5ixPn8uBw root@ubuntu-xenial
ssh-rsa AAAAB3NzaC1yc2EAAAADAQABAAABAQCdskHzKF2XDWqpQbtCMEmkJNdgXhHaJjXOv5dEbntD7/hd68x3QMBvl+7aC5bwWcCz1ZoJtojBm1eHOZ2rSWerNe1Cva9A43k/yaps8mY/ydybxh0zIWjyqxUZgnGEd1OhYHKqxl2QOmeHhJk9nIKA/23r+pM8Y7v78SS23MWyVaEMs7fN3nWi/ATP2GswNTx2wULI0Z4ez6zIkPlbifAqttqJeBy7n7pKHKV7Q2Vk9sgZrO8WRdQyBw75dtzejsMF3WhVCmVP1GBOKhz3RYHcR6p5dq1Q+QhY8PbGzhqHBG6Q7sDTP0zDJDB+ERYRUntiXKdYCanxn25KaDwEm6qd root@ubuntu-xenial
-----END SSH HOST KEY KEYS-----
[   28.226466] cloud-init[1463]: Cloud-init v. 18.2 running 'modules:final' at Sat, 16 Jun 2018 18:04:22 +0000. Up 27.39 seconds.
[[0;32m  OK  [0m] Started Execute cloud user/final scripts.
[   28.288784] cloud-init[1463]: ci-info: no authorized ssh keys fingerprints found for user ubuntu.
[   28.320481] [cloud-init[0;32m  OK  [0m[1463]: ] Cloud-init v. 18.2 finished at Sat, 16 Jun 2018 18:04:22 +0000. Datasource DataSourceNoCloud [seed=/dev/sdb][dsmode=net].  Up 28.21 secondsReached target Cloud-init target.


Ubuntu 16.04.4 LTS ubuntu-xenial ttyS0

ubuntu-xenial login: 